// Jest Snapshot v1, https://goo.gl/fbAQLP

exports[`DetailsPage Component DetailsPage snapshot test 1`] = `
Array [
  <img
    className="spinner"
    src="test-file-stub"
  />,
  <div
    className="filmTrailersAndCredits"
  >
    <div
      className="trailer"
    >
      No trailer
    </div>
    <div
      className="creditList"
    >
      No information
    </div>
  </div>,
  <img
    className="spinner"
    src="test-file-stub"
  />,
]
`;
