// Jest Snapshot v1, https://goo.gl/fbAQLP

exports[`MovieCreditsItem Component MovieCreditsItem snapshot test 1`] = `
<div
  className="card"
>
  <img
    alt=""
    src="test-file-stub"
  />
  <div
    className="card__info"
  >
    <div>
      Character: 
      
    </div>
    <div>
      Name:
      
    </div>
    <div>
      Sex: 
      Men
    </div>
  </div>
</div>
`;
